// Jest Snapshot v1, https://goo.gl/fbAQLP

exports[`<CryptoList /> snapshot test 1`] = `
<RCTSafeAreaView
  style={
    {
      "backgroundColor": "white",
      "flex": 1,
    }
  }
>
  <RCTScrollView>
    <View>
      <View
        style={
          {
            "flexDirection": "row",
            "justifyContent": "center",
          }
        }
      >
        <View
          accessibilityState={
            {
              "busy": undefined,
              "checked": undefined,
              "disabled": undefined,
              "expanded": undefined,
              "selected": undefined,
            }
          }
          accessibilityValue={
            {
              "max": undefined,
              "min": undefined,
              "now": undefined,
              "text": undefined,
            }
          }
          accessible={true}
          collapsable={false}
          focusable={true}
          onClick={[Function]}
          onResponderGrant={[Function]}
          onResponderMove={[Function]}
          onResponderRelease={[Function]}
          onResponderTerminate={[Function]}
          onResponderTerminationRequest={[Function]}
          onStartShouldSetResponder={[Function]}
          style={
            {
              "alignSelf": "center",
              "backgroundColor": "purple",
              "borderRadius": 10,
              "marginHorizontal": 8,
              "marginVertical": 4,
              "opacity": 1,
              "padding": 10,
            }
          }
        >
          <Text
            style={
              {
                "color": "black",
                "fontWeight": "bold",
                "textAlign": "center",
              }
            }
          >
            Insights
          </Text>
        </View>
        <View
          accessibilityState={
            {
              "busy": undefined,
              "checked": undefined,
              "disabled": undefined,
              "expanded": undefined,
              "selected": undefined,
            }
          }
          accessibilityValue={
            {
              "max": undefined,
              "min": undefined,
              "now": undefined,
              "text": undefined,
            }
          }
          accessible={true}
          collapsable={false}
          focusable={true}
          onClick={[Function]}
          onResponderGrant={[Function]}
          onResponderMove={[Function]}
          onResponderRelease={[Function]}
          onResponderTerminate={[Function]}
          onResponderTerminationRequest={[Function]}
          onStartShouldSetResponder={[Function]}
          style={
            {
              "alignSelf": "center",
              "backgroundColor": "purple",
              "borderRadius": 10,
              "marginHorizontal": 8,
              "marginVertical": 4,
              "opacity": 1,
              "padding": 10,
            }
          }
        >
          <Text
            style={
              {
                "color": "black",
                "fontWeight": "bold",
                "textAlign": "center",
              }
            }
          >
            Update
          </Text>
        </View>
      </View>
      <Text
        style={
          [
            {
              "alignSelf": "center",
              "fontSize": 30,
              "fontWeight": "900",
            },
            {
              "color": "black",
              "marginTop": 10,
            },
          ]
        }
      >
        Wallets
      </Text>
      <View
        style={
          [
            {
              "marginBottom": 30,
              "marginHorizontal": 10,
            },
          ]
        }
      >
        <Text
          style={
            {
              "color": "black",
            }
          }
        >
          There are no wallets to display. Try connect a crypto wallet.
        </Text>
      </View>
      <Text
        style={
          [
            {
              "alignSelf": "center",
              "fontSize": 30,
              "fontWeight": "900",
            },
            {
              "color": "black",
            },
          ]
        }
      >
        Exchanges
      </Text>
      <View
        style={
          [
            {
              "marginBottom": 30,
              "marginHorizontal": 10,
            },
          ]
        }
      >
        <Text
          style={
            {
              "color": "black",
            }
          }
        >
          There are no exchanges to display. Try connect a crypto exchange.
        </Text>
      </View>
    </View>
  </RCTScrollView>
</RCTSafeAreaView>
`;
