// Jest Snapshot v1, https://goo.gl/fbAQLP

exports[`<BalanceChart /> BalanceChart test 1`] = `null`;
