// Jest Snapshot v1, https://goo.gl/fbAQLP

exports[`<BankAccountsScreen /> snapshot test 1`] = `
<View
  style={
    {
      "backgroundColor": "white",
      "flex": 1,
    }
  }
>
  <View
    style={
      {
        "flexDirection": "row",
        "justifyContent": "center",
      }
    }
  >
    <View
      accessibilityState={
        {
          "busy": undefined,
          "checked": undefined,
          "disabled": undefined,
          "expanded": undefined,
          "selected": undefined,
        }
      }
      accessibilityValue={
        {
          "max": undefined,
          "min": undefined,
          "now": undefined,
          "text": undefined,
        }
      }
      accessible={true}
      collapsable={false}
      focusable={true}
      onClick={[Function]}
      onResponderGrant={[Function]}
      onResponderMove={[Function]}
      onResponderRelease={[Function]}
      onResponderTerminate={[Function]}
      onResponderTerminationRequest={[Function]}
      onStartShouldSetResponder={[Function]}
      style={
        {
          "alignSelf": "center",
          "backgroundColor": "purple",
          "borderRadius": 10,
          "marginHorizontal": 8,
          "marginVertical": 4,
          "opacity": 1,
          "padding": 10,
        }
      }
    >
      <Text
        style={
          {
            "color": "black",
            "fontWeight": "bold",
            "textAlign": "center",
          }
        }
      >
        Bank Insights
      </Text>
    </View>
    <View
      accessibilityState={
        {
          "busy": undefined,
          "checked": undefined,
          "disabled": undefined,
          "expanded": undefined,
          "selected": undefined,
        }
      }
      accessibilityValue={
        {
          "max": undefined,
          "min": undefined,
          "now": undefined,
          "text": undefined,
        }
      }
      accessible={true}
      collapsable={false}
      focusable={true}
      onClick={[Function]}
      onResponderGrant={[Function]}
      onResponderMove={[Function]}
      onResponderRelease={[Function]}
      onResponderTerminate={[Function]}
      onResponderTerminationRequest={[Function]}
      onStartShouldSetResponder={[Function]}
      style={
        {
          "alignSelf": "center",
          "backgroundColor": "purple",
          "borderRadius": 10,
          "marginHorizontal": 8,
          "marginVertical": 4,
          "opacity": 1,
          "padding": 10,
        }
      }
    >
      <Text
        style={
          {
            "color": "black",
            "fontWeight": "bold",
            "textAlign": "center",
          }
        }
      >
        All Transactions
      </Text>
    </View>
  </View>
  <View
    style={
      [
        {
          "borderColor": "#ddd",
          "borderRadius": 5,
          "overflow": "hidden",
          "paddingBottom": 0,
          "paddingLeft": 20,
          "paddingRight": 20,
          "paddingTop": 10,
          "width": "100%",
        },
      ]
    }
  >
    <RCTScrollView
      ListEmptyComponent={
        <Text
          style={
            {
              "color": "black",
            }
          }
        >
          
You have no bank accounts

        </Text>
      }
      data={
        [
          {
            "balance": {
              "amount": "100",
              "currency": "GBP",
              "string": "£100",
            },
            "color": "#18A7F7",
            "disabled": false,
            "iban": "1234",
            "id": "1",
            "institution_id": "REVOLUT_REVOGB21",
            "institution_logo": "https://cdn.nordigen.com/ais/REVOLUT_REVOGB21.png",
            "institution_name": "Revolut",
            "last_update": "2023-03-17T13:32:01.539829Z",
            "requisition_id": "None",
            "user": 1,
          },
          {
            "balance": {
              "amount": "200",
              "currency": "GBP",
              "string": "£200",
            },
            "color": "#18A7F7",
            "disabled": true,
            "iban": "1234",
            "id": "2",
            "institution_id": "REVOLUT_REVOGB21",
            "institution_logo": "https://cdn.nordigen.com/ais/REVOLUT_REVOGB21.png",
            "institution_name": "Revolut",
            "last_update": "2023-03-17T13:32:01.539829Z",
            "requisition_id": "None",
            "user": 1,
          },
        ]
      }
      getItem={[Function]}
      getItemCount={[Function]}
      keyExtractor={[Function]}
      onContentSizeChange={[Function]}
      onLayout={[Function]}
      onMomentumScrollBegin={[Function]}
      onMomentumScrollEnd={[Function]}
      onScroll={[Function]}
      onScrollBeginDrag={[Function]}
      onScrollEndDrag={[Function]}
      removeClippedSubviews={false}
      renderItem={[Function]}
      scrollEventThrottle={50}
      stickyHeaderIndices={[]}
      viewabilityConfigCallbackPairs={[]}
    >
      <View>
        <View
          onFocusCapture={[Function]}
          onLayout={[Function]}
          style={null}
        >
          <View
            accessibilityState={
              {
                "busy": undefined,
                "checked": undefined,
                "disabled": undefined,
                "expanded": undefined,
                "selected": undefined,
              }
            }
            accessibilityValue={
              {
                "max": undefined,
                "min": undefined,
                "now": undefined,
                "text": undefined,
              }
            }
            accessible={true}
            collapsable={false}
            focusable={true}
            onClick={[Function]}
            onResponderGrant={[Function]}
            onResponderMove={[Function]}
            onResponderRelease={[Function]}
            onResponderTerminate={[Function]}
            onResponderTerminationRequest={[Function]}
            onStartShouldSetResponder={[Function]}
            style={
              {
                "backgroundColor": "#18A7F7",
                "borderRadius": 10,
                "marginBottom": 10,
                "opacity": 1,
                "padding": 20,
              }
            }
          >
            <View
              style={
                {
                  "alignItems": "flex-start",
                  "flexDirection": "row",
                }
              }
            >
              <Image
                source={
                  {
                    "uri": "https://cdn.nordigen.com/ais/REVOLUT_REVOGB21.png",
                  }
                }
                style={
                  {
                    "backgroundColor": "white",
                    "borderRadius": 10,
                    "height": 70,
                    "marginRight": 10,
                    "resizeMode": "contain",
                    "width": 70,
                  }
                }
              />
              <View
                style={
                  {
                    "borderRadius": 10,
                  }
                }
              >
                <Text
                  style={
                    {
                      "color": "white",
                      "fontSize": 21,
                      "fontWeight": "bold",
                    }
                  }
                >
                  Revolut
                </Text>
                <Text
                  style={
                    {
                      "color": "rgba(255,255,255,0.5)",
                      "fontSize": 10,
                      "marginBottom": 3,
                    }
                  }
                >
                  1234
                </Text>
                <Text
                  style={
                    {
                      "color": "white",
                      "fontSize": 18,
                    }
                  }
                >
                  £100
                </Text>
              </View>
            </View>
          </View>
          <View
            accessibilityState={
              {
                "busy": undefined,
                "checked": undefined,
                "disabled": undefined,
                "expanded": undefined,
                "selected": undefined,
              }
            }
            accessibilityValue={
              {
                "max": undefined,
                "min": undefined,
                "now": undefined,
                "text": undefined,
              }
            }
            accessible={true}
            collapsable={false}
            focusable={true}
            onClick={[Function]}
            onResponderGrant={[Function]}
            onResponderMove={[Function]}
            onResponderRelease={[Function]}
            onResponderTerminate={[Function]}
            onResponderTerminationRequest={[Function]}
            onStartShouldSetResponder={[Function]}
            style={
              {
                "alignItems": "center",
                "backgroundColor": "red",
                "borderRadius": 15,
                "height": 27,
                "justifyContent": "center",
                "opacity": 1,
                "position": "absolute",
                "right": 10,
                "top": 10,
                "width": 27,
              }
            }
          >
            <Text />
          </View>
          <View
            style={
              {
                "alignItems": "center",
                "flex": 1,
                "justifyContent": "center",
              }
            }
          >
            <Modal
              animationType="slide"
              hardwareAccelerated={false}
              onRequestClose={[Function]}
              transparent={true}
              visible={false}
            />
          </View>
        </View>
        <View
          onFocusCapture={[Function]}
          onLayout={[Function]}
          style={null}
        >
          <View
            accessibilityState={
              {
                "busy": undefined,
                "checked": undefined,
                "disabled": undefined,
                "expanded": undefined,
                "selected": undefined,
              }
            }
            accessibilityValue={
              {
                "max": undefined,
                "min": undefined,
                "now": undefined,
                "text": undefined,
              }
            }
            accessible={true}
            collapsable={false}
            focusable={true}
            onClick={[Function]}
            onResponderGrant={[Function]}
            onResponderMove={[Function]}
            onResponderRelease={[Function]}
            onResponderTerminate={[Function]}
            onResponderTerminationRequest={[Function]}
            onStartShouldSetResponder={[Function]}
            style={
              {
                "backgroundColor": "#18A7F7",
                "borderColor": "red",
                "borderRadius": 10,
                "borderWidth": 4,
                "marginBottom": 10,
                "opacity": 1,
                "padding": 20,
              }
            }
          >
            <View
              style={
                {
                  "alignItems": "flex-start",
                  "flexDirection": "row",
                }
              }
            >
              <Image
                source={
                  {
                    "uri": "https://cdn.nordigen.com/ais/REVOLUT_REVOGB21.png",
                  }
                }
                style={
                  {
                    "backgroundColor": "white",
                    "borderRadius": 10,
                    "height": 70,
                    "marginRight": 10,
                    "resizeMode": "contain",
                    "width": 70,
                  }
                }
              />
              <View
                style={
                  {
                    "borderRadius": 10,
                  }
                }
              >
                <Text
                  style={
                    {
                      "color": "white",
                      "fontSize": 21,
                      "fontWeight": "bold",
                    }
                  }
                >
                  Revolut
                </Text>
                <Text
                  style={
                    {
                      "color": "rgba(255,255,255,0.5)",
                      "fontSize": 10,
                      "marginBottom": 3,
                    }
                  }
                >
                  1234
                </Text>
                <Text
                  style={
                    {
                      "color": "white",
                      "fontSize": 18,
                    }
                  }
                >
                  £200
                </Text>
              </View>
            </View>
          </View>
          <View
            accessibilityState={
              {
                "busy": undefined,
                "checked": undefined,
                "disabled": undefined,
                "expanded": undefined,
                "selected": undefined,
              }
            }
            accessibilityValue={
              {
                "max": undefined,
                "min": undefined,
                "now": undefined,
                "text": undefined,
              }
            }
            accessible={true}
            collapsable={false}
            focusable={true}
            onClick={[Function]}
            onResponderGrant={[Function]}
            onResponderMove={[Function]}
            onResponderRelease={[Function]}
            onResponderTerminate={[Function]}
            onResponderTerminationRequest={[Function]}
            onStartShouldSetResponder={[Function]}
            style={
              {
                "alignItems": "center",
                "backgroundColor": "red",
                "borderRadius": 15,
                "height": 27,
                "justifyContent": "center",
                "opacity": 1,
                "position": "absolute",
                "right": 10,
                "top": 10,
                "width": 27,
              }
            }
          >
            <Text />
          </View>
          <View
            style={
              {
                "alignItems": "center",
                "flex": 1,
                "justifyContent": "center",
              }
            }
          >
            <Modal
              animationType="slide"
              hardwareAccelerated={false}
              onRequestClose={[Function]}
              transparent={true}
              visible={false}
            />
          </View>
          <View
            accessibilityState={
              {
                "busy": undefined,
                "checked": undefined,
                "disabled": undefined,
                "expanded": undefined,
                "selected": undefined,
              }
            }
            accessibilityValue={
              {
                "max": undefined,
                "min": undefined,
                "now": undefined,
                "text": undefined,
              }
            }
            accessible={true}
            collapsable={false}
            focusable={true}
            onClick={[Function]}
            onResponderGrant={[Function]}
            onResponderMove={[Function]}
            onResponderRelease={[Function]}
            onResponderTerminate={[Function]}
            onResponderTerminationRequest={[Function]}
            onStartShouldSetResponder={[Function]}
            style={
              {
                "alignItems": "center",
                "backgroundColor": "#ecba1d",
                "borderRadius": 15,
                "bottom": 20,
                "height": 27,
                "justifyContent": "center",
                "opacity": 1,
                "position": "absolute",
                "right": 10,
                "width": 27,
              }
            }
          >
            <Text />
          </View>
        </View>
      </View>
    </RCTScrollView>
  </View>
</View>
`;
