// Jest Snapshot v1, https://goo.gl/fbAQLP

exports[`snapshot test for settings page 1`] = `
<RCTScrollView
  contentContainerStyle={
    {
      "alignItems": "center",
      "flexGrow": 1,
      "justifyContent": "center",
      "paddingBottom": 20,
    }
  }
  style={
    {
      "backgroundColor": undefined,
      "flex": 1,
    }
  }
>
  <View>
    <Text
      style={
        [
          {
            "color": undefined,
            "fontWeight": "700",
          },
          {
            "fontSize": 24,
            "marginBottom": 20,
          },
        ]
      }
    >
      Notifications
    </Text>
    <View
      style={
        {
          "alignItems": "center",
          "flexDirection": "row",
          "justifyContent": "space-between",
          "width": "80%",
        }
      }
    >
      <Text
        style={
          {
            "color": undefined,
          }
        }
      >
        Receive notifications
      </Text>
      <RCTSwitch
        accessibilityRole="switch"
        onChange={[Function]}
        onResponderTerminationRequest={[Function]}
        onStartShouldSetResponder={[Function]}
        onTintColor="#81b0ff"
        style={
          {
            "height": 31,
            "width": 51,
          }
        }
        thumbTintColor="purple"
        tintColor="#767577"
        value={true}
      />
    </View>
    <Text
      style={
        [
          {
            "color": undefined,
            "fontWeight": "700",
          },
          {
            "fontSize": 24,
            "marginBottom": 20,
          },
        ]
      }
    >
      Themes
    </Text>
    <View
      style={
        [
          {
            "backgroundColor": undefined,
            "borderColor": "lightgrey",
            "borderRadius": 4,
            "borderWidth": 1,
            "width": "80%",
          },
        ]
      }
    >
      <View
        accessibilityValue={
          {
            "max": undefined,
            "min": undefined,
            "now": undefined,
            "text": undefined,
          }
        }
        accessible={true}
        focusable={true}
        onClick={[Function]}
        onResponderGrant={[Function]}
        onResponderMove={[Function]}
        onResponderRelease={[Function]}
        onResponderTerminate={[Function]}
        onResponderTerminationRequest={[Function]}
        onStartShouldSetResponder={[Function]}
      >
        <View
          style={
            {
              "alignItems": "center",
              "borderBottomColor": "#ddd",
              "borderBottomWidth": 1,
              "flexDirection": "row",
              "height": 50,
              "justifyContent": "space-between",
              "padding": 10,
            }
          }
        >
          <Text
            style={
              {
                "color": undefined,
              }
            }
          >
            System Default
          </Text>
          <Text />
        </View>
      </View>
      <View
        accessibilityValue={
          {
            "max": undefined,
            "min": undefined,
            "now": undefined,
            "text": undefined,
          }
        }
        accessible={true}
        focusable={true}
        onClick={[Function]}
        onResponderGrant={[Function]}
        onResponderMove={[Function]}
        onResponderRelease={[Function]}
        onResponderTerminate={[Function]}
        onResponderTerminationRequest={[Function]}
        onStartShouldSetResponder={[Function]}
      >
        <View
          style={
            {
              "alignItems": "center",
              "borderBottomColor": "#ddd",
              "borderBottomWidth": 1,
              "flexDirection": "row",
              "height": 50,
              "justifyContent": "space-between",
              "padding": 10,
            }
          }
        >
          <Text
            style={
              {
                "color": undefined,
              }
            }
          >
            Light Mode
          </Text>
        </View>
      </View>
      <View
        accessibilityValue={
          {
            "max": undefined,
            "min": undefined,
            "now": undefined,
            "text": undefined,
          }
        }
        accessible={true}
        focusable={true}
        onClick={[Function]}
        onResponderGrant={[Function]}
        onResponderMove={[Function]}
        onResponderRelease={[Function]}
        onResponderTerminate={[Function]}
        onResponderTerminationRequest={[Function]}
        onStartShouldSetResponder={[Function]}
      >
        <View
          style={
            [
              {
                "alignItems": "center",
                "borderBottomColor": "#ddd",
                "borderBottomWidth": 1,
                "flexDirection": "row",
                "height": 50,
                "justifyContent": "space-between",
                "padding": 10,
              },
              {
                "borderBottomWidth": 0,
              },
            ]
          }
        >
          <Text
            style={
              {
                "color": undefined,
              }
            }
          >
            Dark Mode
          </Text>
        </View>
      </View>
    </View>
    <View
      accessibilityState={
        {
          "busy": undefined,
          "checked": undefined,
          "disabled": undefined,
          "expanded": undefined,
          "selected": undefined,
        }
      }
      accessibilityValue={
        {
          "max": undefined,
          "min": undefined,
          "now": undefined,
          "text": undefined,
        }
      }
      accessible={true}
      collapsable={false}
      focusable={true}
      onClick={[Function]}
      onResponderGrant={[Function]}
      onResponderMove={[Function]}
      onResponderRelease={[Function]}
      onResponderTerminate={[Function]}
      onResponderTerminationRequest={[Function]}
      onStartShouldSetResponder={[Function]}
      style={
        {
          "opacity": 1,
        }
      }
    >
      <Text
        style={
          [
            {
              "backgroundColor": undefined,
            },
            {
              "color": "white",
            },
            {
              "borderRadius": 25,
              "fontSize": 20,
              "fontWeight": "bold",
              "marginTop": "4%",
              "paddingHorizontal": "12%",
              "paddingVertical": "2%",
              "textAlign": "center",
              "width": "75%",
            },
          ]
        }
      >
        Logout
      </Text>
    </View>
  </View>
</RCTScrollView>
`;
