// Jest Snapshot v1, https://goo.gl/fbAQLP

exports[`<BarChart /> test bar chart 1`] = `null`;
